<?xml version="1.0" encoding="UTF-8" ?>
<testsuites name="vitest tests" tests="2" failures="0" errors="0" time="0.128322179">
    <testsuite name="test/app.test.ts" timestamp="2026-05-20T13:44:07.524Z" hostname="codespaces-c49e5a" tests="2" failures="0" errors="0" skipped="0" time="0.128322179">
        <testcase classname="test/app.test.ts" name="Fastify app &gt; GET /health returns ok status" time="0.122308545">
        </testcase>
        <testcase classname="test/app.test.ts" name="Fastify app &gt; GET / returns app message and version" time="0.003850757">
        </testcase>
    </testsuite>
</testsuites>
